RAs no resueltos — 2026-06-17 04:54
============================================================

IMAT 221 Taller de Deducción Matemática.docx:
  ND1, RA1

IMAT 311 Cálculo_Avanzado.docx:
  ND2, RA1

IMAT 313 Combinatoria y Algoritmos.docx:
  ND2, RA2

IMAT 314 Estructuras Algebraícas.docx:
  ND1, RA2

IMAT 323 Optimización.docx:
  ND1, RA1
  ND1, RA2
  ND2, RA1
  ND2, RA2

IMAT 413 Analisis Complejo.docx:
  ND2, RA2

IMAT 423 Sistemas Dinámicos Continuos.docx:
  ND2, RA1
  ND2, RA2

IMAT 521 Optimizacion Combinatorial.docx:
  CL4, RA1
  CL5, RA1

IMAT412 Inferencia Estadística.docx:
  ND2, RA2
